// Vitest Snapshot v1, https://vitest.dev/guide/snapshot.html

exports[`Journal > can watch new journal events only 1`] = `
[
  {
    "Part": 2,
    "event": "Continued",
    "timestamp": "2023-01-01T00:00:02Z",
  },
  {
    "event": "Died",
    "timestamp": "2023-01-01T00:00:03Z",
  },
]
`;

exports[`Journal > picks up new journal files changed/created while still initializing the watcher 1`] = `
[
  {
    "Odyssey": true,
    "build": "r271793/r0 ",
    "event": "Fileheader",
    "gameversion": "4.0.0.600",
    "language": "English\\UK",
    "part": 1,
    "timestamp": "2020-01-01T00:00:00Z",
  },
  {
    "event": "Shutdown",
    "timestamp": "2020-01-01T00:00:01Z",
  },
  {
    "Odyssey": true,
    "build": "r271793/r0 ",
    "event": "Fileheader",
    "gameversion": "4.0.0.600",
    "language": "English\\UK",
    "part": 1,
    "timestamp": "2021-01-01T00:00:00Z",
  },
  {
    "event": "Shutdown",
    "timestamp": "2021-01-01T00:00:01Z",
  },
  {
    "Odyssey": true,
    "build": "r271793/r0 ",
    "event": "Fileheader",
    "gameversion": "4.0.0.600",
    "language": "English\\UK",
    "part": 1,
    "timestamp": "2022-01-01T00:00:00Z",
  },
  {
    "FID": "F1234",
    "Name": "Jameson",
    "event": "Commander",
    "timestamp": "2022-01-01T00:00:01Z",
  },
  {
    "event": "Shutdown",
    "timestamp": "2022-01-01T00:00:02Z",
  },
  {
    "Odyssey": true,
    "build": "r271793/r0 ",
    "event": "Fileheader",
    "gameversion": "4.0.0.600",
    "language": "English\\UK",
    "part": 1,
    "timestamp": "2023-01-01T00:00:00Z",
  },
  {
    "event": "Shutdown",
    "timestamp": "2023-01-01T00:00:01Z",
  },
  {
    "Part": 2,
    "event": "Continued",
    "timestamp": "2023-01-01T00:00:02Z",
  },
  {
    "event": "Died",
    "timestamp": "2023-01-01T00:00:03Z",
  },
]
`;

exports[`Journal > reads a journal in chronological order 1`] = `
[
  {
    "Odyssey": true,
    "build": "r271793/r0 ",
    "event": "Fileheader",
    "gameversion": "4.0.0.600",
    "language": "English\\UK",
    "part": 1,
    "timestamp": "2020-01-01T00:00:00Z",
  },
  {
    "event": "Shutdown",
    "timestamp": "2020-01-01T00:00:01Z",
  },
  {
    "Odyssey": true,
    "build": "r271793/r0 ",
    "event": "Fileheader",
    "gameversion": "4.0.0.600",
    "language": "English\\UK",
    "part": 1,
    "timestamp": "2021-01-01T00:00:00Z",
  },
  {
    "event": "Shutdown",
    "timestamp": "2021-01-01T00:00:01Z",
  },
  {
    "Odyssey": true,
    "build": "r271793/r0 ",
    "event": "Fileheader",
    "gameversion": "4.0.0.600",
    "language": "English\\UK",
    "part": 1,
    "timestamp": "2022-01-01T00:00:00Z",
  },
  {
    "FID": "F1234",
    "Name": "Jameson",
    "event": "Commander",
    "timestamp": "2022-01-01T00:00:01Z",
  },
  {
    "event": "Shutdown",
    "timestamp": "2022-01-01T00:00:02Z",
  },
  {
    "Odyssey": true,
    "build": "r271793/r0 ",
    "event": "Fileheader",
    "gameversion": "4.0.0.600",
    "language": "English\\UK",
    "part": 1,
    "timestamp": "2023-01-01T00:00:00Z",
  },
  {
    "event": "Shutdown",
    "timestamp": "2023-01-01T00:00:01Z",
  },
]
`;

exports[`Journal > reads a journal starting at given event 1`] = `
[
  {
    "FID": "F1234",
    "Name": "Jameson",
    "event": "Commander",
    "timestamp": "2022-01-01T00:00:01Z",
  },
  {
    "event": "Shutdown",
    "timestamp": "2022-01-01T00:00:02Z",
  },
  {
    "Odyssey": true,
    "build": "r271793/r0 ",
    "event": "Fileheader",
    "gameversion": "4.0.0.600",
    "language": "English\\UK",
    "part": 1,
    "timestamp": "2023-01-01T00:00:00Z",
  },
  {
    "event": "Shutdown",
    "timestamp": "2023-01-01T00:00:01Z",
  },
]
`;

exports[`Journal > reads a journal starting at given position 1`] = `
[
  {
    "event": "Shutdown",
    "timestamp": "2021-01-01T00:00:01Z",
  },
  {
    "Odyssey": true,
    "build": "r271793/r0 ",
    "event": "Fileheader",
    "gameversion": "4.0.0.600",
    "language": "English\\UK",
    "part": 1,
    "timestamp": "2022-01-01T00:00:00Z",
  },
  {
    "FID": "F1234",
    "Name": "Jameson",
    "event": "Commander",
    "timestamp": "2022-01-01T00:00:01Z",
  },
  {
    "event": "Shutdown",
    "timestamp": "2022-01-01T00:00:02Z",
  },
  {
    "Odyssey": true,
    "build": "r271793/r0 ",
    "event": "Fileheader",
    "gameversion": "4.0.0.600",
    "language": "English\\UK",
    "part": 1,
    "timestamp": "2023-01-01T00:00:00Z",
  },
  {
    "event": "Shutdown",
    "timestamp": "2023-01-01T00:00:01Z",
  },
]
`;

exports[`Journal > reports lines in correct order when new file is created right before changing the current file 1`] = `
[
  {
    "event": "Shutdown",
    "timestamp": "2025-03-03T00:00:01Z",
  },
  {
    "Part": 2,
    "event": "Continued",
    "timestamp": "2025-03-03T00:00:02Z",
  },
  {
    "event": "Died",
    "timestamp": "2025-03-03T00:00:03Z",
  },
]
`;

exports[`Journal > watches a journal in chronological order 1`] = `
[
  {
    "Odyssey": true,
    "build": "r271793/r0 ",
    "event": "Fileheader",
    "gameversion": "4.0.0.600",
    "language": "English\\UK",
    "part": 1,
    "timestamp": "2020-01-01T00:00:00Z",
  },
  {
    "event": "Shutdown",
    "timestamp": "2020-01-01T00:00:01Z",
  },
  {
    "Odyssey": true,
    "build": "r271793/r0 ",
    "event": "Fileheader",
    "gameversion": "4.0.0.600",
    "language": "English\\UK",
    "part": 1,
    "timestamp": "2021-01-01T00:00:00Z",
  },
  {
    "event": "Shutdown",
    "timestamp": "2021-01-01T00:00:01Z",
  },
  {
    "Odyssey": true,
    "build": "r271793/r0 ",
    "event": "Fileheader",
    "gameversion": "4.0.0.600",
    "language": "English\\UK",
    "part": 1,
    "timestamp": "2022-01-01T00:00:00Z",
  },
  {
    "FID": "F1234",
    "Name": "Jameson",
    "event": "Commander",
    "timestamp": "2022-01-01T00:00:01Z",
  },
  {
    "event": "Shutdown",
    "timestamp": "2022-01-01T00:00:02Z",
  },
  {
    "Odyssey": true,
    "build": "r271793/r0 ",
    "event": "Fileheader",
    "gameversion": "4.0.0.600",
    "language": "English\\UK",
    "part": 1,
    "timestamp": "2023-01-01T00:00:00Z",
  },
  {
    "event": "Shutdown",
    "timestamp": "2023-01-01T00:00:01Z",
  },
  {
    "Part": 2,
    "event": "Continued",
    "timestamp": "2023-01-01T00:00:02Z",
  },
  {
    "event": "Died",
    "timestamp": "2023-01-01T00:00:03Z",
  },
]
`;

exports[`Journal > watches a journal starting at given position 1`] = `
[
  {
    "event": "Shutdown",
    "timestamp": "2021-01-01T00:00:01Z",
  },
  {
    "Odyssey": true,
    "build": "r271793/r0 ",
    "event": "Fileheader",
    "gameversion": "4.0.0.600",
    "language": "English\\UK",
    "part": 1,
    "timestamp": "2022-01-01T00:00:00Z",
  },
  {
    "FID": "F1234",
    "Name": "Jameson",
    "event": "Commander",
    "timestamp": "2022-01-01T00:00:01Z",
  },
  {
    "event": "Shutdown",
    "timestamp": "2022-01-01T00:00:02Z",
  },
  {
    "Odyssey": true,
    "build": "r271793/r0 ",
    "event": "Fileheader",
    "gameversion": "4.0.0.600",
    "language": "English\\UK",
    "part": 1,
    "timestamp": "2023-01-01T00:00:00Z",
  },
  {
    "event": "Shutdown",
    "timestamp": "2023-01-01T00:00:01Z",
  },
  {
    "Part": 2,
    "event": "Continued",
    "timestamp": "2023-01-01T00:00:02Z",
  },
  {
    "event": "Died",
    "timestamp": "2023-01-01T00:00:03Z",
  },
]
`;
